implement 27
#=1 firstFoo
#=1 secondFoo
#=1 baseFoo
