implement 42
void addChild(Node n)
bool wronglyImplemented()
!string name
void removeChild(Node n)